// Jest Snapshot v1, https://goo.gl/fbAQLP

exports[`renders correctly 1`] = `
ShallowWrapper {
  "length": 1,
  Symbol(enzyme.__root__): [Circular],
  Symbol(enzyme.__unrendered__): <App />,
  Symbol(enzyme.__renderer__): Object {
    "batchedUpdates": [Function],
    "getNode": [Function],
    "render": [Function],
    "simulateEvent": [Function],
    "unmount": [Function],
  },
  Symbol(enzyme.__node__): Object {
    "instance": null,
    "key": undefined,
    "nodeType": "host",
    "props": Object {
      "children": Array [
        <h1>
          The Playlist
</h1>,
        <div
          className="playlist-table-div"
>
          <table
                    id="playlist-table"
          >
                    <thead>
                              <tr>
                                        <th>
                                                  Title
                                        </th>
                                        <th>
                                                  Artist
                                        </th>
                                        <th>
                                                  Album
                                        </th>
                                        <th>
                                                  Year
                                        </th>
                              </tr>
                    </thead>
                    <tbody />
          </table>
</div>,
      ],
      "className": "playlist",
    },
    "ref": null,
    "rendered": Array [
      Object {
        "instance": null,
        "key": undefined,
        "nodeType": "host",
        "props": Object {
          "children": "The Playlist",
        },
        "ref": null,
        "rendered": "The Playlist",
        "type": "h1",
      },
      Object {
        "instance": null,
        "key": undefined,
        "nodeType": "host",
        "props": Object {
          "children": <table
            id="playlist-table"
>
            <thead>
                        <tr>
                                    <th>
                                                Title
                                    </th>
                                    <th>
                                                Artist
                                    </th>
                                    <th>
                                                Album
                                    </th>
                                    <th>
                                                Year
                                    </th>
                        </tr>
            </thead>
            <tbody />
</table>,
          "className": "playlist-table-div",
        },
        "ref": null,
        "rendered": Object {
          "instance": null,
          "key": undefined,
          "nodeType": "host",
          "props": Object {
            "children": Array [
              <thead>
                <tr>
                                <th>
                                                Title
                                </th>
                                <th>
                                                Artist
                                </th>
                                <th>
                                                Album
                                </th>
                                <th>
                                                Year
                                </th>
                </tr>
</thead>,
              <tbody />,
            ],
            "id": "playlist-table",
          },
          "ref": null,
          "rendered": Array [
            Object {
              "instance": null,
              "key": undefined,
              "nodeType": "host",
              "props": Object {
                "children": <tr>
                  <th>
                                    Title
                  </th>
                  <th>
                                    Artist
                  </th>
                  <th>
                                    Album
                  </th>
                  <th>
                                    Year
                  </th>
</tr>,
              },
              "ref": null,
              "rendered": Object {
                "instance": null,
                "key": undefined,
                "nodeType": "host",
                "props": Object {
                  "children": Array [
                    <th>
                      Title
</th>,
                    <th>
                      Artist
</th>,
                    <th>
                      Album
</th>,
                    <th>
                      Year
</th>,
                  ],
                },
                "ref": null,
                "rendered": Array [
                  Object {
                    "instance": null,
                    "key": undefined,
                    "nodeType": "host",
                    "props": Object {
                      "children": "Title",
                    },
                    "ref": null,
                    "rendered": "Title",
                    "type": "th",
                  },
                  Object {
                    "instance": null,
                    "key": undefined,
                    "nodeType": "host",
                    "props": Object {
                      "children": "Artist",
                    },
                    "ref": null,
                    "rendered": "Artist",
                    "type": "th",
                  },
                  Object {
                    "instance": null,
                    "key": undefined,
                    "nodeType": "host",
                    "props": Object {
                      "children": "Album",
                    },
                    "ref": null,
                    "rendered": "Album",
                    "type": "th",
                  },
                  Object {
                    "instance": null,
                    "key": undefined,
                    "nodeType": "host",
                    "props": Object {
                      "children": "Year",
                    },
                    "ref": null,
                    "rendered": "Year",
                    "type": "th",
                  },
                ],
                "type": "tr",
              },
              "type": "thead",
            },
            Object {
              "instance": null,
              "key": undefined,
              "nodeType": "host",
              "props": Object {},
              "ref": null,
              "rendered": null,
              "type": "tbody",
            },
          ],
          "type": "table",
        },
        "type": "div",
      },
    ],
    "type": "div",
  },
  Symbol(enzyme.__nodes__): Array [
    Object {
      "instance": null,
      "key": undefined,
      "nodeType": "host",
      "props": Object {
        "children": Array [
          <h1>
            The Playlist
</h1>,
          <div
            className="playlist-table-div"
>
            <table
                        id="playlist-table"
            >
                        <thead>
                                    <tr>
                                                <th>
                                                            Title
                                                </th>
                                                <th>
                                                            Artist
                                                </th>
                                                <th>
                                                            Album
                                                </th>
                                                <th>
                                                            Year
                                                </th>
                                    </tr>
                        </thead>
                        <tbody />
            </table>
</div>,
        ],
        "className": "playlist",
      },
      "ref": null,
      "rendered": Array [
        Object {
          "instance": null,
          "key": undefined,
          "nodeType": "host",
          "props": Object {
            "children": "The Playlist",
          },
          "ref": null,
          "rendered": "The Playlist",
          "type": "h1",
        },
        Object {
          "instance": null,
          "key": undefined,
          "nodeType": "host",
          "props": Object {
            "children": <table
              id="playlist-table"
>
              <thead>
                            <tr>
                                          <th>
                                                        Title
                                          </th>
                                          <th>
                                                        Artist
                                          </th>
                                          <th>
                                                        Album
                                          </th>
                                          <th>
                                                        Year
                                          </th>
                            </tr>
              </thead>
              <tbody />
</table>,
            "className": "playlist-table-div",
          },
          "ref": null,
          "rendered": Object {
            "instance": null,
            "key": undefined,
            "nodeType": "host",
            "props": Object {
              "children": Array [
                <thead>
                  <tr>
                                    <th>
                                                      Title
                                    </th>
                                    <th>
                                                      Artist
                                    </th>
                                    <th>
                                                      Album
                                    </th>
                                    <th>
                                                      Year
                                    </th>
                  </tr>
</thead>,
                <tbody />,
              ],
              "id": "playlist-table",
            },
            "ref": null,
            "rendered": Array [
              Object {
                "instance": null,
                "key": undefined,
                "nodeType": "host",
                "props": Object {
                  "children": <tr>
                    <th>
                                        Title
                    </th>
                    <th>
                                        Artist
                    </th>
                    <th>
                                        Album
                    </th>
                    <th>
                                        Year
                    </th>
</tr>,
                },
                "ref": null,
                "rendered": Object {
                  "instance": null,
                  "key": undefined,
                  "nodeType": "host",
                  "props": Object {
                    "children": Array [
                      <th>
                        Title
</th>,
                      <th>
                        Artist
</th>,
                      <th>
                        Album
</th>,
                      <th>
                        Year
</th>,
                    ],
                  },
                  "ref": null,
                  "rendered": Array [
                    Object {
                      "instance": null,
                      "key": undefined,
                      "nodeType": "host",
                      "props": Object {
                        "children": "Title",
                      },
                      "ref": null,
                      "rendered": "Title",
                      "type": "th",
                    },
                    Object {
                      "instance": null,
                      "key": undefined,
                      "nodeType": "host",
                      "props": Object {
                        "children": "Artist",
                      },
                      "ref": null,
                      "rendered": "Artist",
                      "type": "th",
                    },
                    Object {
                      "instance": null,
                      "key": undefined,
                      "nodeType": "host",
                      "props": Object {
                        "children": "Album",
                      },
                      "ref": null,
                      "rendered": "Album",
                      "type": "th",
                    },
                    Object {
                      "instance": null,
                      "key": undefined,
                      "nodeType": "host",
                      "props": Object {
                        "children": "Year",
                      },
                      "ref": null,
                      "rendered": "Year",
                      "type": "th",
                    },
                  ],
                  "type": "tr",
                },
                "type": "thead",
              },
              Object {
                "instance": null,
                "key": undefined,
                "nodeType": "host",
                "props": Object {},
                "ref": null,
                "rendered": null,
                "type": "tbody",
              },
            ],
            "type": "table",
          },
          "type": "div",
        },
      ],
      "type": "div",
    },
  ],
  Symbol(enzyme.__options__): Object {
    "adapter": ReactSixteenAdapter {
      "options": Object {
        "enableComponentDidUpdateOnSetState": true,
      },
    },
    "disableLifecycleMethods": true,
  },
}
`;
